// Jest Snapshot v1, https://goo.gl/fbAQLP

exports[`Select test should match snapshot 1`] = `
<select
  onChange={[Function]}
  value=""
>
  <option
    key="1"
    value={1}
  >
    toto
  </option>
  <option
    key="2"
    value={2}
  >
    titi
  </option>
  <option
    key="3"
    value={3}
  >
    tutu
  </option>
</select>
`;
